============================= test session starts ==============================
platform darwin -- Python 3.14.2, pytest-9.0.2, pluggy-1.6.0
rootdir: /Users/farmaan/Public/farmaan/code/terminal/terminal-data
configfile: pyproject.toml
plugins: anyio-4.12.1, asyncio-1.3.0
asyncio: mode=Mode.STRICT, debug=False, asyncio_default_fixture_loop_scope=None, asyncio_default_test_loop_scope=function
collected 3 items

tests/api/test_symbols.py INFO:testcontainers.core.container:Pulling image testcontainers/ryuk:0.8.1
INFO:testcontainers.core.container:Container started: fc88f48b3bc4
INFO:testcontainers.core.container:Pulling image postgres:16-alpine
INFO:testcontainers.core.container:Container started: a7c07eeb21d0
INFO:terminal.database.logging:Database session created
DEBUG: session_fixture START
DEBUG: Calling init_db with engine at postgresql+psycopg://test:test@localhost:51477/test
DEBUG: Tables in metadata before create_all: ['user', 'list', 'symbol']
DEBUG: Tables created in DB at postgresql+psycopg://test:***@localhost:51477/test
DEBUG: Yielding session
2026-02-18 11:38:58,344 INFO sqlalchemy.engine.Engine select pg_catalog.version()
INFO:sqlalchemy.engine.Engine:select pg_catalog.version()
2026-02-18 11:38:58,344 INFO sqlalchemy.engine.Engine [raw sql] {}
INFO:sqlalchemy.engine.Engine:[raw sql] {}
2026-02-18 11:38:58,345 INFO sqlalchemy.engine.Engine select current_schema()
INFO:sqlalchemy.engine.Engine:select current_schema()
2026-02-18 11:38:58,345 INFO sqlalchemy.engine.Engine [raw sql] {}
INFO:sqlalchemy.engine.Engine:[raw sql] {}
2026-02-18 11:38:58,346 INFO sqlalchemy.engine.Engine show standard_conforming_strings
INFO:sqlalchemy.engine.Engine:show standard_conforming_strings
2026-02-18 11:38:58,346 INFO sqlalchemy.engine.Engine [raw sql] {}
INFO:sqlalchemy.engine.Engine:[raw sql] {}
2026-02-18 11:38:58,348 INFO sqlalchemy.engine.Engine BEGIN (implicit)
INFO:sqlalchemy.engine.Engine:BEGIN (implicit)
2026-02-18 11:38:58,349 INFO sqlalchemy.engine.Engine SELECT symbol.created_at, symbol.updated_at, symbol.id, symbol.ticker, symbol.name, symbol.type, symbol.market, symbol.isin, symbol.indexes, symbol.search_vector 
FROM symbol 
WHERE symbol.market = %(market_1)s::VARCHAR AND (symbol.search_vector @@ to_tsquery(%(to_tsquery_1)s::REGCONFIG, %(to_tsquery_2)s::VARCHAR)) 
 LIMIT %(param_1)s::INTEGER
INFO:sqlalchemy.engine.Engine:SELECT symbol.created_at, symbol.updated_at, symbol.id, symbol.ticker, symbol.name, symbol.type, symbol.market, symbol.isin, symbol.indexes, symbol.search_vector 
FROM symbol 
WHERE symbol.market = %(market_1)s::VARCHAR AND (symbol.search_vector @@ to_tsquery(%(to_tsquery_1)s::REGCONFIG, %(to_tsquery_2)s::VARCHAR)) 
 LIMIT %(param_1)s::INTEGER
2026-02-18 11:38:58,349 INFO sqlalchemy.engine.Engine [generated in 0.00011s] {'market_1': 'america', 'to_tsquery_1': 'english', 'to_tsquery_2': 'NVDA:*', 'param_1': 100}
INFO:sqlalchemy.engine.Engine:[generated in 0.00011s] {'market_1': 'america', 'to_tsquery_1': 'english', 'to_tsquery_2': 'NVDA:*', 'param_1': 100}
INFO:terminal.database.logging:Database session closed
2026-02-18 11:38:58,350 INFO sqlalchemy.engine.Engine ROLLBACK
INFO:sqlalchemy.engine.Engine:ROLLBACK
FDEBUG: session_fixture cleanup START
DEBUG: session_fixture END
INFO:terminal.database.logging:Database session created
DEBUG: session_fixture START
DEBUG: Calling init_db with engine at postgresql+psycopg://test:test@localhost:51477/test
DEBUG: Tables in metadata before create_all: ['user', 'list', 'symbol']
DEBUG: Tables created in DB at postgresql+psycopg://test:***@localhost:51477/test
DEBUG: Yielding session
2026-02-18 11:38:58,716 INFO sqlalchemy.engine.Engine BEGIN (implicit)
INFO:sqlalchemy.engine.Engine:BEGIN (implicit)
2026-02-18 11:38:58,716 INFO sqlalchemy.engine.Engine SELECT DISTINCT symbol.market 
FROM symbol
INFO:sqlalchemy.engine.Engine:SELECT DISTINCT symbol.market 
FROM symbol
2026-02-18 11:38:58,716 INFO sqlalchemy.engine.Engine [generated in 0.00005s] {}
INFO:sqlalchemy.engine.Engine:[generated in 0.00005s] {}
INFO:terminal.database.logging:Database session closed
2026-02-18 11:38:58,717 INFO sqlalchemy.engine.Engine ROLLBACK
INFO:sqlalchemy.engine.Engine:ROLLBACK
FDEBUG: session_fixture cleanup START
DEBUG: session_fixture END
INFO:terminal.database.logging:Database session created
DEBUG: session_fixture START
DEBUG: Calling init_db with engine at postgresql+psycopg://test:test@localhost:51477/test
DEBUG: Tables in metadata before create_all: ['user', 'list', 'symbol']
DEBUG: Tables created in DB at postgresql+psycopg://test:***@localhost:51477/test
DEBUG: Yielding session
2026-02-18 11:38:59,126 INFO sqlalchemy.engine.Engine BEGIN (implicit)
INFO:sqlalchemy.engine.Engine:BEGIN (implicit)
2026-02-18 11:38:59,126 INFO sqlalchemy.engine.Engine DELETE FROM symbol
INFO:sqlalchemy.engine.Engine:DELETE FROM symbol
2026-02-18 11:38:59,126 INFO sqlalchemy.engine.Engine [generated in 0.00006s] {}
INFO:sqlalchemy.engine.Engine:[generated in 0.00006s] {}
INFO:terminal.database.logging:Database session closed
2026-02-18 11:38:59,128 INFO sqlalchemy.engine.Engine ROLLBACK
INFO:sqlalchemy.engine.Engine:ROLLBACK
FDEBUG: session_fixture cleanup START
DEBUG: session_fixture END


=================================== FAILURES ===================================
_____________________________ test_get_symbols_api _____________________________

self = <sqlalchemy.engine.base.Connection object at 0x1116a0b90>
dialect = <sqlalchemy.dialects.postgresql.psycopg.PGDialect_psycopg object at 0x10b7d8980>
context = <sqlalchemy.dialects.postgresql.psycopg.PGExecutionContext_psycopg object at 0x11164e750>
statement = <sqlalchemy.dialects.postgresql.psycopg.PGCompiler_psycopg object at 0x111693d90>
parameters = [{'market_1': 'america', 'param_1': 100, 'to_tsquery_1': 'english', 'to_tsquery_2': 'NVDA:*'}]

    def _exec_single_context(
        self,
        dialect: Dialect,
        context: ExecutionContext,
        statement: Union[str, Compiled],
        parameters: Optional[_AnyMultiExecuteParams],
    ) -> CursorResult[Any]:
        """continue the _execute_context() method for a single DBAPI
        cursor.execute() or cursor.executemany() call.
    
        """
        if dialect.bind_typing is BindTyping.SETINPUTSIZES:
            generic_setinputsizes = context._prepare_set_input_sizes()
    
            if generic_setinputsizes:
                try:
                    dialect.do_set_input_sizes(
                        context.cursor, generic_setinputsizes, context
                    )
                except BaseException as e:
                    self._handle_dbapi_exception(
                        e, str(statement), parameters, None, context
                    )
    
        cursor, str_statement, parameters = (
            context.cursor,
            context.statement,
            context.parameters,
        )
    
        effective_parameters: Optional[_AnyExecuteParams]
    
        if not context.executemany:
            effective_parameters = parameters[0]
        else:
            effective_parameters = parameters
    
        if self._has_events or self.engine._has_events:
            for fn in self.dispatch.before_cursor_execute:
                str_statement, effective_parameters = fn(
                    self,
                    cursor,
                    str_statement,
                    effective_parameters,
                    context,
                    context.executemany,
                )
    
        if self._echo:
            self._log_info(str_statement)
    
            stats = context._get_cache_stats()
    
            if not self.engine.hide_parameters:
                self._log_info(
                    "[%s] %r",
                    stats,
                    sql_util._repr_params(
                        effective_parameters,
                        batches=10,
                        ismulti=context.executemany,
                    ),
                )
            else:
                self._log_info(
                    "[%s] [SQL parameters hidden due to hide_parameters=True]",
                    stats,
                )
    
        evt_handled: bool = False
        try:
            if context.execute_style is ExecuteStyle.EXECUTEMANY:
                effective_parameters = cast(
                    "_CoreMultiExecuteParams", effective_parameters
                )
                if self.dialect._has_events:
                    for fn in self.dialect.dispatch.do_executemany:
                        if fn(
                            cursor,
                            str_statement,
                            effective_parameters,
                            context,
                        ):
                            evt_handled = True
                            break
                if not evt_handled:
                    self.dialect.do_executemany(
                        cursor,
                        str_statement,
                        effective_parameters,
                        context,
                    )
            elif not effective_parameters and context.no_parameters:
                if self.dialect._has_events:
                    for fn in self.dialect.dispatch.do_execute_no_params:
                        if fn(cursor, str_statement, context):
                            evt_handled = True
                            break
                if not evt_handled:
                    self.dialect.do_execute_no_params(
                        cursor, str_statement, context
                    )
            else:
                effective_parameters = cast(
                    "_CoreSingleExecuteParams", effective_parameters
                )
                if self.dialect._has_events:
                    for fn in self.dialect.dispatch.do_execute:
                        if fn(
                            cursor,
                            str_statement,
                            effective_parameters,
                            context,
                        ):
                            evt_handled = True
                            break
                if not evt_handled:
>                   self.dialect.do_execute(
                        cursor, str_statement, effective_parameters, context
                    )

.venv/lib/python3.14/site-packages/sqlalchemy/engine/base.py:1967: 
_ _ _ _ _ _ _ _ _ _ _ _ _ _ _ _ _ _ _ _ _ _ _ _ _ _ _ _ _ _ _ _ _ _ _ _ _ _ _ _ 
.venv/lib/python3.14/site-packages/sqlalchemy/engine/default.py:952: in do_execute
    cursor.execute(statement, parameters)
_ _ _ _ _ _ _ _ _ _ _ _ _ _ _ _ _ _ _ _ _ _ _ _ _ _ _ _ _ _ _ _ _ _ _ _ _ _ _ _ 

self = <psycopg.Cursor [closed] [IDLE] (host=localhost user=postgres database=terminal) at 0x11150f350>
query = 'SELECT symbol.created_at, symbol.updated_at, symbol.id, symbol.ticker, symbol.name, symbol.type, symbol.market, symbo...bol.search_vector @@ to_tsquery(%(to_tsquery_1)s::REGCONFIG, %(to_tsquery_2)s::VARCHAR)) \n LIMIT %(param_1)s::INTEGER'
params = {'market_1': 'america', 'param_1': 100, 'to_tsquery_1': 'english', 'to_tsquery_2': 'NVDA:*'}

    def execute(
        self,
        query: Query,
        params: Params | None = None,
        *,
        prepare: bool | None = None,
        binary: bool | None = None,
    ) -> Self:
        """
        Execute a query or command to the database.
        """
        try:
            with self._conn.lock:
                self._conn.wait(
                    self._execute_gen(query, params, prepare=prepare, binary=binary)
                )
        except e._NO_TRACEBACK as ex:
>           raise ex.with_traceback(None)
E           psycopg.errors.UndefinedTable: relation "symbol" does not exist
E           LINE 2: FROM symbol 
E                        ^

.venv/lib/python3.14/site-packages/psycopg/cursor.py:117: UndefinedTable

The above exception was the direct cause of the following exception:

client = <httpx.AsyncClient object at 0x11167d7f0>
session = <sqlmodel.orm.session.Session object at 0x11167d550>

    @pytest.mark.asyncio
    async def test_get_symbols_api(client, session):
        # 1. Seed data
        mock_data = [
            {
                "ticker": "NASDAQ:NVDA",
                "name": "nvidia",
                "market": "america",
                "type": "stock",
                "indexes": ["NASDAQ 100"],
            }
        ]
        await symbol_service.refresh(session, mock_data)
    
        # 2. Test search via API
>       response = await client.get("/api/v1/symbols/?q=NVDA&market=america")
                   ^^^^^^^^^^^^^^^^^^^^^^^^^^^^^^^^^^^^^^^^^^^^^^^^^^^^^^^^^^

tests/api/test_symbols.py:22: 
_ _ _ _ _ _ _ _ _ _ _ _ _ _ _ _ _ _ _ _ _ _ _ _ _ _ _ _ _ _ _ _ _ _ _ _ _ _ _ _ 
.venv/lib/python3.14/site-packages/httpx/_client.py:1768: in get
    return await self.request(
.venv/lib/python3.14/site-packages/httpx/_client.py:1540: in request
    return await self.send(request, auth=auth, follow_redirects=follow_redirects)
           ^^^^^^^^^^^^^^^^^^^^^^^^^^^^^^^^^^^^^^^^^^^^^^^^^^^^^^^^^^^^^^^^^^^^^^
.venv/lib/python3.14/site-packages/httpx/_client.py:1629: in send
    response = await self._send_handling_auth(
.venv/lib/python3.14/site-packages/httpx/_client.py:1657: in _send_handling_auth
    response = await self._send_handling_redirects(
.venv/lib/python3.14/site-packages/httpx/_client.py:1694: in _send_handling_redirects
    response = await self._send_single_request(request)
               ^^^^^^^^^^^^^^^^^^^^^^^^^^^^^^^^^^^^^^^^
.venv/lib/python3.14/site-packages/httpx/_client.py:1730: in _send_single_request
    response = await transport.handle_async_request(request)
               ^^^^^^^^^^^^^^^^^^^^^^^^^^^^^^^^^^^^^^^^^^^^^
.venv/lib/python3.14/site-packages/httpx/_transports/asgi.py:170: in handle_async_request
    await self.app(scope, receive, send)
.venv/lib/python3.14/site-packages/fastapi/applications.py:1138: in __call__
    await super().__call__(scope, receive, send)
.venv/lib/python3.14/site-packages/starlette/applications.py:107: in __call__
    await self.middleware_stack(scope, receive, send)
.venv/lib/python3.14/site-packages/starlette/middleware/errors.py:186: in __call__
    raise exc
.venv/lib/python3.14/site-packages/starlette/middleware/errors.py:164: in __call__
    await self.app(scope, receive, _send)
.venv/lib/python3.14/site-packages/starlette/middleware/exceptions.py:63: in __call__
    await wrap_app_handling_exceptions(self.app, conn)(scope, receive, send)
.venv/lib/python3.14/site-packages/starlette/_exception_handler.py:53: in wrapped_app
    raise exc
.venv/lib/python3.14/site-packages/starlette/_exception_handler.py:42: in wrapped_app
    await app(scope, receive, sender)
.venv/lib/python3.14/site-packages/fastapi/middleware/asyncexitstack.py:18: in __call__
    await self.app(scope, receive, send)
.venv/lib/python3.14/site-packages/starlette/routing.py:716: in __call__
    await self.middleware_stack(scope, receive, send)
.venv/lib/python3.14/site-packages/starlette/routing.py:736: in app
    await route.handle(scope, receive, send)
.venv/lib/python3.14/site-packages/starlette/routing.py:290: in handle
    await self.app(scope, receive, send)
.venv/lib/python3.14/site-packages/fastapi/routing.py:121: in app
    await wrap_app_handling_exceptions(app, request)(scope, receive, send)
.venv/lib/python3.14/site-packages/starlette/_exception_handler.py:53: in wrapped_app
    raise exc
.venv/lib/python3.14/site-packages/starlette/_exception_handler.py:42: in wrapped_app
    await app(scope, receive, sender)
.venv/lib/python3.14/site-packages/fastapi/routing.py:107: in app
    response = await f(request)
               ^^^^^^^^^^^^^^^^
.venv/lib/python3.14/site-packages/fastapi/routing.py:426: in app
    raw_response = await run_endpoint_function(
.venv/lib/python3.14/site-packages/fastapi/routing.py:314: in run_endpoint_function
    return await dependant.call(**values)
           ^^^^^^^^^^^^^^^^^^^^^^^^^^^^^^
src/terminal/symbols/router.py:28: in get_symbols
    return await symbol_service.search(
src/terminal/symbols/service.py:40: in search
    return list(session.exec(statement).all())
                ^^^^^^^^^^^^^^^^^^^^^^^
.venv/lib/python3.14/site-packages/sqlmodel/orm/session.py:81: in exec
    results = super().execute(
.venv/lib/python3.14/site-packages/sqlalchemy/orm/session.py:2351: in execute
    return self._execute_internal(
.venv/lib/python3.14/site-packages/sqlalchemy/orm/session.py:2249: in _execute_internal
    result: Result[Any] = compile_state_cls.orm_execute_statement(
.venv/lib/python3.14/site-packages/sqlalchemy/orm/context.py:306: in orm_execute_statement
    result = conn.execute(
.venv/lib/python3.14/site-packages/sqlalchemy/engine/base.py:1419: in execute
    return meth(
.venv/lib/python3.14/site-packages/sqlalchemy/sql/elements.py:527: in _execute_on_connection
    return connection._execute_clauseelement(
.venv/lib/python3.14/site-packages/sqlalchemy/engine/base.py:1641: in _execute_clauseelement
    ret = self._execute_context(
.venv/lib/python3.14/site-packages/sqlalchemy/engine/base.py:1846: in _execute_context
    return self._exec_single_context(
.venv/lib/python3.14/site-packages/sqlalchemy/engine/base.py:1986: in _exec_single_context
    self._handle_dbapi_exception(
.venv/lib/python3.14/site-packages/sqlalchemy/engine/base.py:2363: in _handle_dbapi_exception
    raise sqlalchemy_exception.with_traceback(exc_info[2]) from e
.venv/lib/python3.14/site-packages/sqlalchemy/engine/base.py:1967: in _exec_single_context
    self.dialect.do_execute(
.venv/lib/python3.14/site-packages/sqlalchemy/engine/default.py:952: in do_execute
    cursor.execute(statement, parameters)
_ _ _ _ _ _ _ _ _ _ _ _ _ _ _ _ _ _ _ _ _ _ _ _ _ _ _ _ _ _ _ _ _ _ _ _ _ _ _ _ 

self = <psycopg.Cursor [closed] [IDLE] (host=localhost user=postgres database=terminal) at 0x11150f350>
query = 'SELECT symbol.created_at, symbol.updated_at, symbol.id, symbol.ticker, symbol.name, symbol.type, symbol.market, symbo...bol.search_vector @@ to_tsquery(%(to_tsquery_1)s::REGCONFIG, %(to_tsquery_2)s::VARCHAR)) \n LIMIT %(param_1)s::INTEGER'
params = {'market_1': 'america', 'param_1': 100, 'to_tsquery_1': 'english', 'to_tsquery_2': 'NVDA:*'}

    def execute(
        self,
        query: Query,
        params: Params | None = None,
        *,
        prepare: bool | None = None,
        binary: bool | None = None,
    ) -> Self:
        """
        Execute a query or command to the database.
        """
        try:
            with self._conn.lock:
                self._conn.wait(
                    self._execute_gen(query, params, prepare=prepare, binary=binary)
                )
        except e._NO_TRACEBACK as ex:
>           raise ex.with_traceback(None)
E           sqlalchemy.exc.ProgrammingError: (psycopg.errors.UndefinedTable) relation "symbol" does not exist
E           LINE 2: FROM symbol 
E                        ^
E           [SQL: SELECT symbol.created_at, symbol.updated_at, symbol.id, symbol.ticker, symbol.name, symbol.type, symbol.market, symbol.isin, symbol.indexes, symbol.search_vector 
E           FROM symbol 
E           WHERE symbol.market = %(market_1)s::VARCHAR AND (symbol.search_vector @@ to_tsquery(%(to_tsquery_1)s::REGCONFIG, %(to_tsquery_2)s::VARCHAR)) 
E            LIMIT %(param_1)s::INTEGER]
E           [parameters: {'market_1': 'america', 'to_tsquery_1': 'english', 'to_tsquery_2': 'NVDA:*', 'param_1': 100}]
E           (Background on this error at: https://sqlalche.me/e/20/f405)

.venv/lib/python3.14/site-packages/psycopg/cursor.py:117: ProgrammingError
------------------------------ Captured log setup ------------------------------
INFO     testcontainers.core.container:container.py:177 Pulling image testcontainers/ryuk:0.8.1
INFO     testcontainers.core.container:container.py:206 Container started: fc88f48b3bc4
INFO     testcontainers.core.container:container.py:177 Pulling image postgres:16-alpine
INFO     testcontainers.core.container:container.py:206 Container started: a7c07eeb21d0
------------------------------ Captured log call -------------------------------
INFO     terminal.database.logging:logging.py:25 Database session created
INFO     sqlalchemy.engine.Engine:base.py:1846 select pg_catalog.version()
INFO     sqlalchemy.engine.Engine:base.py:1846 [raw sql] {}
INFO     sqlalchemy.engine.Engine:base.py:1846 select current_schema()
INFO     sqlalchemy.engine.Engine:base.py:1846 [raw sql] {}
INFO     sqlalchemy.engine.Engine:base.py:1846 show standard_conforming_strings
INFO     sqlalchemy.engine.Engine:base.py:1846 [raw sql] {}
INFO     sqlalchemy.engine.Engine:base.py:2710 BEGIN (implicit)
INFO     sqlalchemy.engine.Engine:base.py:1846 SELECT symbol.created_at, symbol.updated_at, symbol.id, symbol.ticker, symbol.name, symbol.type, symbol.market, symbol.isin, symbol.indexes, symbol.search_vector 
FROM symbol 
WHERE symbol.market = %(market_1)s::VARCHAR AND (symbol.search_vector @@ to_tsquery(%(to_tsquery_1)s::REGCONFIG, %(to_tsquery_2)s::VARCHAR)) 
 LIMIT %(param_1)s::INTEGER
INFO     sqlalchemy.engine.Engine:base.py:1846 [generated in 0.00011s] {'market_1': 'america', 'to_tsquery_1': 'english', 'to_tsquery_2': 'NVDA:*', 'param_1': 100}
INFO     terminal.database.logging:logging.py:41 Database session closed
INFO     sqlalchemy.engine.Engine:base.py:2713 ROLLBACK
________________________ test_get_symbols_metadata_api _________________________

self = <sqlalchemy.engine.base.Connection object at 0x111a65400>
dialect = <sqlalchemy.dialects.postgresql.psycopg.PGDialect_psycopg object at 0x10b7d8980>
context = <sqlalchemy.dialects.postgresql.psycopg.PGExecutionContext_psycopg object at 0x1122cc250>
statement = <sqlalchemy.dialects.postgresql.psycopg.PGCompiler_psycopg object at 0x1116eb250>
parameters = [{}]

    def _exec_single_context(
        self,
        dialect: Dialect,
        context: ExecutionContext,
        statement: Union[str, Compiled],
        parameters: Optional[_AnyMultiExecuteParams],
    ) -> CursorResult[Any]:
        """continue the _execute_context() method for a single DBAPI
        cursor.execute() or cursor.executemany() call.
    
        """
        if dialect.bind_typing is BindTyping.SETINPUTSIZES:
            generic_setinputsizes = context._prepare_set_input_sizes()
    
            if generic_setinputsizes:
                try:
                    dialect.do_set_input_sizes(
                        context.cursor, generic_setinputsizes, context
                    )
                except BaseException as e:
                    self._handle_dbapi_exception(
                        e, str(statement), parameters, None, context
                    )
    
        cursor, str_statement, parameters = (
            context.cursor,
            context.statement,
            context.parameters,
        )
    
        effective_parameters: Optional[_AnyExecuteParams]
    
        if not context.executemany:
            effective_parameters = parameters[0]
        else:
            effective_parameters = parameters
    
        if self._has_events or self.engine._has_events:
            for fn in self.dispatch.before_cursor_execute:
                str_statement, effective_parameters = fn(
                    self,
                    cursor,
                    str_statement,
                    effective_parameters,
                    context,
                    context.executemany,
                )
    
        if self._echo:
            self._log_info(str_statement)
    
            stats = context._get_cache_stats()
    
            if not self.engine.hide_parameters:
                self._log_info(
                    "[%s] %r",
                    stats,
                    sql_util._repr_params(
                        effective_parameters,
                        batches=10,
                        ismulti=context.executemany,
                    ),
                )
            else:
                self._log_info(
                    "[%s] [SQL parameters hidden due to hide_parameters=True]",
                    stats,
                )
    
        evt_handled: bool = False
        try:
            if context.execute_style is ExecuteStyle.EXECUTEMANY:
                effective_parameters = cast(
                    "_CoreMultiExecuteParams", effective_parameters
                )
                if self.dialect._has_events:
                    for fn in self.dialect.dispatch.do_executemany:
                        if fn(
                            cursor,
                            str_statement,
                            effective_parameters,
                            context,
                        ):
                            evt_handled = True
                            break
                if not evt_handled:
                    self.dialect.do_executemany(
                        cursor,
                        str_statement,
                        effective_parameters,
                        context,
                    )
            elif not effective_parameters and context.no_parameters:
                if self.dialect._has_events:
                    for fn in self.dialect.dispatch.do_execute_no_params:
                        if fn(cursor, str_statement, context):
                            evt_handled = True
                            break
                if not evt_handled:
                    self.dialect.do_execute_no_params(
                        cursor, str_statement, context
                    )
            else:
                effective_parameters = cast(
                    "_CoreSingleExecuteParams", effective_parameters
                )
                if self.dialect._has_events:
                    for fn in self.dialect.dispatch.do_execute:
                        if fn(
                            cursor,
                            str_statement,
                            effective_parameters,
                            context,
                        ):
                            evt_handled = True
                            break
                if not evt_handled:
>                   self.dialect.do_execute(
                        cursor, str_statement, effective_parameters, context
                    )

.venv/lib/python3.14/site-packages/sqlalchemy/engine/base.py:1967: 
_ _ _ _ _ _ _ _ _ _ _ _ _ _ _ _ _ _ _ _ _ _ _ _ _ _ _ _ _ _ _ _ _ _ _ _ _ _ _ _ 
.venv/lib/python3.14/site-packages/sqlalchemy/engine/default.py:952: in do_execute
    cursor.execute(statement, parameters)
_ _ _ _ _ _ _ _ _ _ _ _ _ _ _ _ _ _ _ _ _ _ _ _ _ _ _ _ _ _ _ _ _ _ _ _ _ _ _ _ 

self = <psycopg.Cursor [closed] [IDLE] (host=localhost user=postgres database=terminal) at 0x111736210>
query = 'SELECT DISTINCT symbol.market \nFROM symbol', params = {}

    def execute(
        self,
        query: Query,
        params: Params | None = None,
        *,
        prepare: bool | None = None,
        binary: bool | None = None,
    ) -> Self:
        """
        Execute a query or command to the database.
        """
        try:
            with self._conn.lock:
                self._conn.wait(
                    self._execute_gen(query, params, prepare=prepare, binary=binary)
                )
        except e._NO_TRACEBACK as ex:
>           raise ex.with_traceback(None)
E           psycopg.errors.UndefinedTable: relation "symbol" does not exist
E           LINE 2: FROM symbol
E                        ^

.venv/lib/python3.14/site-packages/psycopg/cursor.py:117: UndefinedTable

The above exception was the direct cause of the following exception:

client = <httpx.AsyncClient object at 0x1116e9a90>
session = <sqlmodel.orm.session.Session object at 0x111691950>

    @pytest.mark.asyncio
    async def test_get_symbols_metadata_api(client, session):
        # 1. Seed data
        mock_data = [
            {
                "ticker": "NSE:RELIANCE",
                "name": "RELIANCE INDUSTRIES",
                "market": "india",
                "type": "stock",
                "indexes": ["NIFTY 50"],
            }
        ]
        await symbol_service.refresh(session, mock_data)
    
        # 2. Test metadata via API
>       response = await client.get("/api/v1/symbols/search_metadata")
                   ^^^^^^^^^^^^^^^^^^^^^^^^^^^^^^^^^^^^^^^^^^^^^^^^^^^

tests/api/test_symbols.py:44: 
_ _ _ _ _ _ _ _ _ _ _ _ _ _ _ _ _ _ _ _ _ _ _ _ _ _ _ _ _ _ _ _ _ _ _ _ _ _ _ _ 
.venv/lib/python3.14/site-packages/httpx/_client.py:1768: in get
    return await self.request(
.venv/lib/python3.14/site-packages/httpx/_client.py:1540: in request
    return await self.send(request, auth=auth, follow_redirects=follow_redirects)
           ^^^^^^^^^^^^^^^^^^^^^^^^^^^^^^^^^^^^^^^^^^^^^^^^^^^^^^^^^^^^^^^^^^^^^^
.venv/lib/python3.14/site-packages/httpx/_client.py:1629: in send
    response = await self._send_handling_auth(
.venv/lib/python3.14/site-packages/httpx/_client.py:1657: in _send_handling_auth
    response = await self._send_handling_redirects(
.venv/lib/python3.14/site-packages/httpx/_client.py:1694: in _send_handling_redirects
    response = await self._send_single_request(request)
               ^^^^^^^^^^^^^^^^^^^^^^^^^^^^^^^^^^^^^^^^
.venv/lib/python3.14/site-packages/httpx/_client.py:1730: in _send_single_request
    response = await transport.handle_async_request(request)
               ^^^^^^^^^^^^^^^^^^^^^^^^^^^^^^^^^^^^^^^^^^^^^
.venv/lib/python3.14/site-packages/httpx/_transports/asgi.py:170: in handle_async_request
    await self.app(scope, receive, send)
.venv/lib/python3.14/site-packages/fastapi/applications.py:1138: in __call__
    await super().__call__(scope, receive, send)
.venv/lib/python3.14/site-packages/starlette/applications.py:107: in __call__
    await self.middleware_stack(scope, receive, send)
.venv/lib/python3.14/site-packages/starlette/middleware/errors.py:186: in __call__
    raise exc
.venv/lib/python3.14/site-packages/starlette/middleware/errors.py:164: in __call__
    await self.app(scope, receive, _send)
.venv/lib/python3.14/site-packages/starlette/middleware/exceptions.py:63: in __call__
    await wrap_app_handling_exceptions(self.app, conn)(scope, receive, send)
.venv/lib/python3.14/site-packages/starlette/_exception_handler.py:53: in wrapped_app
    raise exc
.venv/lib/python3.14/site-packages/starlette/_exception_handler.py:42: in wrapped_app
    await app(scope, receive, sender)
.venv/lib/python3.14/site-packages/fastapi/middleware/asyncexitstack.py:18: in __call__
    await self.app(scope, receive, send)
.venv/lib/python3.14/site-packages/starlette/routing.py:716: in __call__
    await self.middleware_stack(scope, receive, send)
.venv/lib/python3.14/site-packages/starlette/routing.py:736: in app
    await route.handle(scope, receive, send)
.venv/lib/python3.14/site-packages/starlette/routing.py:290: in handle
    await self.app(scope, receive, send)
.venv/lib/python3.14/site-packages/fastapi/routing.py:121: in app
    await wrap_app_handling_exceptions(app, request)(scope, receive, send)
.venv/lib/python3.14/site-packages/starlette/_exception_handler.py:53: in wrapped_app
    raise exc
.venv/lib/python3.14/site-packages/starlette/_exception_handler.py:42: in wrapped_app
    await app(scope, receive, sender)
.venv/lib/python3.14/site-packages/fastapi/routing.py:107: in app
    response = await f(request)
               ^^^^^^^^^^^^^^^^
.venv/lib/python3.14/site-packages/fastapi/routing.py:426: in app
    raw_response = await run_endpoint_function(
.venv/lib/python3.14/site-packages/fastapi/routing.py:314: in run_endpoint_function
    return await dependant.call(**values)
           ^^^^^^^^^^^^^^^^^^^^^^^^^^^^^^
src/terminal/symbols/router.py:45: in get_metadata
    return symbol_service.get_metadata(session=session)
           ^^^^^^^^^^^^^^^^^^^^^^^^^^^^^^^^^^^^^^^^^^^^
src/terminal/symbols/service.py:70: in get_metadata
    markets = session.exec(select(Symbol.market).distinct()).all()
              ^^^^^^^^^^^^^^^^^^^^^^^^^^^^^^^^^^^^^^^^^^^^^^
.venv/lib/python3.14/site-packages/sqlmodel/orm/session.py:81: in exec
    results = super().execute(
.venv/lib/python3.14/site-packages/sqlalchemy/orm/session.py:2351: in execute
    return self._execute_internal(
.venv/lib/python3.14/site-packages/sqlalchemy/orm/session.py:2249: in _execute_internal
    result: Result[Any] = compile_state_cls.orm_execute_statement(
.venv/lib/python3.14/site-packages/sqlalchemy/orm/context.py:306: in orm_execute_statement
    result = conn.execute(
.venv/lib/python3.14/site-packages/sqlalchemy/engine/base.py:1419: in execute
    return meth(
.venv/lib/python3.14/site-packages/sqlalchemy/sql/elements.py:527: in _execute_on_connection
    return connection._execute_clauseelement(
.venv/lib/python3.14/site-packages/sqlalchemy/engine/base.py:1641: in _execute_clauseelement
    ret = self._execute_context(
.venv/lib/python3.14/site-packages/sqlalchemy/engine/base.py:1846: in _execute_context
    return self._exec_single_context(
.venv/lib/python3.14/site-packages/sqlalchemy/engine/base.py:1986: in _exec_single_context
    self._handle_dbapi_exception(
.venv/lib/python3.14/site-packages/sqlalchemy/engine/base.py:2363: in _handle_dbapi_exception
    raise sqlalchemy_exception.with_traceback(exc_info[2]) from e
.venv/lib/python3.14/site-packages/sqlalchemy/engine/base.py:1967: in _exec_single_context
    self.dialect.do_execute(
.venv/lib/python3.14/site-packages/sqlalchemy/engine/default.py:952: in do_execute
    cursor.execute(statement, parameters)
_ _ _ _ _ _ _ _ _ _ _ _ _ _ _ _ _ _ _ _ _ _ _ _ _ _ _ _ _ _ _ _ _ _ _ _ _ _ _ _ 

self = <psycopg.Cursor [closed] [IDLE] (host=localhost user=postgres database=terminal) at 0x111736210>
query = 'SELECT DISTINCT symbol.market \nFROM symbol', params = {}

    def execute(
        self,
        query: Query,
        params: Params | None = None,
        *,
        prepare: bool | None = None,
        binary: bool | None = None,
    ) -> Self:
        """
        Execute a query or command to the database.
        """
        try:
            with self._conn.lock:
                self._conn.wait(
                    self._execute_gen(query, params, prepare=prepare, binary=binary)
                )
        except e._NO_TRACEBACK as ex:
>           raise ex.with_traceback(None)
E           sqlalchemy.exc.ProgrammingError: (psycopg.errors.UndefinedTable) relation "symbol" does not exist
E           LINE 2: FROM symbol
E                        ^
E           [SQL: SELECT DISTINCT symbol.market 
E           FROM symbol]
E           (Background on this error at: https://sqlalche.me/e/20/f405)

.venv/lib/python3.14/site-packages/psycopg/cursor.py:117: ProgrammingError
------------------------------ Captured log call -------------------------------
INFO     terminal.database.logging:logging.py:25 Database session created
INFO     sqlalchemy.engine.Engine:base.py:2710 BEGIN (implicit)
INFO     sqlalchemy.engine.Engine:base.py:1846 SELECT DISTINCT symbol.market 
FROM symbol
INFO     sqlalchemy.engine.Engine:base.py:1846 [generated in 0.00005s] {}
INFO     terminal.database.logging:logging.py:41 Database session closed
INFO     sqlalchemy.engine.Engine:base.py:2713 ROLLBACK
____________________________ test_sync_symbols_api _____________________________

self = <sqlalchemy.engine.base.Connection object at 0x111794320>
dialect = <sqlalchemy.dialects.postgresql.psycopg.PGDialect_psycopg object at 0x10b7d8980>
context = <sqlalchemy.dialects.postgresql.psycopg.PGExecutionContext_psycopg object at 0x1122cf650>
statement = <sqlalchemy.dialects.postgresql.psycopg.PGCompiler_psycopg object at 0x1117bca50>
parameters = [{}]

    def _exec_single_context(
        self,
        dialect: Dialect,
        context: ExecutionContext,
        statement: Union[str, Compiled],
        parameters: Optional[_AnyMultiExecuteParams],
    ) -> CursorResult[Any]:
        """continue the _execute_context() method for a single DBAPI
        cursor.execute() or cursor.executemany() call.
    
        """
        if dialect.bind_typing is BindTyping.SETINPUTSIZES:
            generic_setinputsizes = context._prepare_set_input_sizes()
    
            if generic_setinputsizes:
                try:
                    dialect.do_set_input_sizes(
                        context.cursor, generic_setinputsizes, context
                    )
                except BaseException as e:
                    self._handle_dbapi_exception(
                        e, str(statement), parameters, None, context
                    )
    
        cursor, str_statement, parameters = (
            context.cursor,
            context.statement,
            context.parameters,
        )
    
        effective_parameters: Optional[_AnyExecuteParams]
    
        if not context.executemany:
            effective_parameters = parameters[0]
        else:
            effective_parameters = parameters
    
        if self._has_events or self.engine._has_events:
            for fn in self.dispatch.before_cursor_execute:
                str_statement, effective_parameters = fn(
                    self,
                    cursor,
                    str_statement,
                    effective_parameters,
                    context,
                    context.executemany,
                )
    
        if self._echo:
            self._log_info(str_statement)
    
            stats = context._get_cache_stats()
    
            if not self.engine.hide_parameters:
                self._log_info(
                    "[%s] %r",
                    stats,
                    sql_util._repr_params(
                        effective_parameters,
                        batches=10,
                        ismulti=context.executemany,
                    ),
                )
            else:
                self._log_info(
                    "[%s] [SQL parameters hidden due to hide_parameters=True]",
                    stats,
                )
    
        evt_handled: bool = False
        try:
            if context.execute_style is ExecuteStyle.EXECUTEMANY:
                effective_parameters = cast(
                    "_CoreMultiExecuteParams", effective_parameters
                )
                if self.dialect._has_events:
                    for fn in self.dialect.dispatch.do_executemany:
                        if fn(
                            cursor,
                            str_statement,
                            effective_parameters,
                            context,
                        ):
                            evt_handled = True
                            break
                if not evt_handled:
                    self.dialect.do_executemany(
                        cursor,
                        str_statement,
                        effective_parameters,
                        context,
                    )
            elif not effective_parameters and context.no_parameters:
                if self.dialect._has_events:
                    for fn in self.dialect.dispatch.do_execute_no_params:
                        if fn(cursor, str_statement, context):
                            evt_handled = True
                            break
                if not evt_handled:
                    self.dialect.do_execute_no_params(
                        cursor, str_statement, context
                    )
            else:
                effective_parameters = cast(
                    "_CoreSingleExecuteParams", effective_parameters
                )
                if self.dialect._has_events:
                    for fn in self.dialect.dispatch.do_execute:
                        if fn(
                            cursor,
                            str_statement,
                            effective_parameters,
                            context,
                        ):
                            evt_handled = True
                            break
                if not evt_handled:
>                   self.dialect.do_execute(
                        cursor, str_statement, effective_parameters, context
                    )

.venv/lib/python3.14/site-packages/sqlalchemy/engine/base.py:1967: 
_ _ _ _ _ _ _ _ _ _ _ _ _ _ _ _ _ _ _ _ _ _ _ _ _ _ _ _ _ _ _ _ _ _ _ _ _ _ _ _ 
.venv/lib/python3.14/site-packages/sqlalchemy/engine/default.py:952: in do_execute
    cursor.execute(statement, parameters)
_ _ _ _ _ _ _ _ _ _ _ _ _ _ _ _ _ _ _ _ _ _ _ _ _ _ _ _ _ _ _ _ _ _ _ _ _ _ _ _ 

self = <psycopg.Cursor [closed] [IDLE] (host=localhost user=postgres database=terminal) at 0x111e9e390>
query = 'DELETE FROM symbol', params = {}

    def execute(
        self,
        query: Query,
        params: Params | None = None,
        *,
        prepare: bool | None = None,
        binary: bool | None = None,
    ) -> Self:
        """
        Execute a query or command to the database.
        """
        try:
            with self._conn.lock:
                self._conn.wait(
                    self._execute_gen(query, params, prepare=prepare, binary=binary)
                )
        except e._NO_TRACEBACK as ex:
>           raise ex.with_traceback(None)
E           psycopg.errors.UndefinedTable: relation "symbol" does not exist
E           LINE 1: DELETE FROM symbol
E                               ^

.venv/lib/python3.14/site-packages/psycopg/cursor.py:117: UndefinedTable

The above exception was the direct cause of the following exception:

client = <httpx.AsyncClient object at 0x11178c690>
session = <sqlmodel.orm.session.Session object at 0x1122d5f30>

    @pytest.mark.asyncio
    async def test_sync_symbols_api(client, session):
        """
        Test the sync API endpoint with mock sync logic.
        """
        mock_symbols = [
            {
                "ticker": "MOCK:TICKER",
                "name": "Mock Name",
                "market": "india",
                "type": "stock",
                "indexes": [],
            }
        ]
    
        # Patch sync_symbols in the router module
        with patch(
            "terminal.symbols.router.sync_symbols", new_callable=AsyncMock
        ) as mocked_sync:
            mocked_sync.return_value = mock_symbols
    
>           response = await client.post("/api/v1/symbols/sync")
                       ^^^^^^^^^^^^^^^^^^^^^^^^^^^^^^^^^^^^^^^^^

tests/api/test_symbols.py:72: 
_ _ _ _ _ _ _ _ _ _ _ _ _ _ _ _ _ _ _ _ _ _ _ _ _ _ _ _ _ _ _ _ _ _ _ _ _ _ _ _ 
.venv/lib/python3.14/site-packages/httpx/_client.py:1859: in post
    return await self.request(
.venv/lib/python3.14/site-packages/httpx/_client.py:1540: in request
    return await self.send(request, auth=auth, follow_redirects=follow_redirects)
           ^^^^^^^^^^^^^^^^^^^^^^^^^^^^^^^^^^^^^^^^^^^^^^^^^^^^^^^^^^^^^^^^^^^^^^
.venv/lib/python3.14/site-packages/httpx/_client.py:1629: in send
    response = await self._send_handling_auth(
.venv/lib/python3.14/site-packages/httpx/_client.py:1657: in _send_handling_auth
    response = await self._send_handling_redirects(
.venv/lib/python3.14/site-packages/httpx/_client.py:1694: in _send_handling_redirects
    response = await self._send_single_request(request)
               ^^^^^^^^^^^^^^^^^^^^^^^^^^^^^^^^^^^^^^^^
.venv/lib/python3.14/site-packages/httpx/_client.py:1730: in _send_single_request
    response = await transport.handle_async_request(request)
               ^^^^^^^^^^^^^^^^^^^^^^^^^^^^^^^^^^^^^^^^^^^^^
.venv/lib/python3.14/site-packages/httpx/_transports/asgi.py:170: in handle_async_request
    await self.app(scope, receive, send)
.venv/lib/python3.14/site-packages/fastapi/applications.py:1138: in __call__
    await super().__call__(scope, receive, send)
.venv/lib/python3.14/site-packages/starlette/applications.py:107: in __call__
    await self.middleware_stack(scope, receive, send)
.venv/lib/python3.14/site-packages/starlette/middleware/errors.py:186: in __call__
    raise exc
.venv/lib/python3.14/site-packages/starlette/middleware/errors.py:164: in __call__
    await self.app(scope, receive, _send)
.venv/lib/python3.14/site-packages/starlette/middleware/exceptions.py:63: in __call__
    await wrap_app_handling_exceptions(self.app, conn)(scope, receive, send)
.venv/lib/python3.14/site-packages/starlette/_exception_handler.py:53: in wrapped_app
    raise exc
.venv/lib/python3.14/site-packages/starlette/_exception_handler.py:42: in wrapped_app
    await app(scope, receive, sender)
.venv/lib/python3.14/site-packages/fastapi/middleware/asyncexitstack.py:18: in __call__
    await self.app(scope, receive, send)
.venv/lib/python3.14/site-packages/starlette/routing.py:716: in __call__
    await self.middleware_stack(scope, receive, send)
.venv/lib/python3.14/site-packages/starlette/routing.py:736: in app
    await route.handle(scope, receive, send)
.venv/lib/python3.14/site-packages/starlette/routing.py:290: in handle
    await self.app(scope, receive, send)
.venv/lib/python3.14/site-packages/fastapi/routing.py:121: in app
    await wrap_app_handling_exceptions(app, request)(scope, receive, send)
.venv/lib/python3.14/site-packages/starlette/_exception_handler.py:53: in wrapped_app
    raise exc
.venv/lib/python3.14/site-packages/starlette/_exception_handler.py:42: in wrapped_app
    await app(scope, receive, sender)
.venv/lib/python3.14/site-packages/fastapi/routing.py:107: in app
    response = await f(request)
               ^^^^^^^^^^^^^^^^
.venv/lib/python3.14/site-packages/fastapi/routing.py:426: in app
    raw_response = await run_endpoint_function(
.venv/lib/python3.14/site-packages/fastapi/routing.py:314: in run_endpoint_function
    return await dependant.call(**values)
           ^^^^^^^^^^^^^^^^^^^^^^^^^^^^^^
src/terminal/symbols/router.py:62: in trigger_sync
    count = await symbol_service.refresh(session=session, symbols=symbols)
            ^^^^^^^^^^^^^^^^^^^^^^^^^^^^^^^^^^^^^^^^^^^^^^^^^^^^^^^^^^^^^^
src/terminal/symbols/service.py:49: in refresh
    session.exec(delete(Symbol))
.venv/lib/python3.14/site-packages/sqlmodel/orm/session.py:81: in exec
    results = super().execute(
.venv/lib/python3.14/site-packages/sqlalchemy/orm/session.py:2351: in execute
    return self._execute_internal(
.venv/lib/python3.14/site-packages/sqlalchemy/orm/session.py:2249: in _execute_internal
    result: Result[Any] = compile_state_cls.orm_execute_statement(
.venv/lib/python3.14/site-packages/sqlalchemy/orm/bulk_persistence.py:2033: in orm_execute_statement
    return super().orm_execute_statement(
.venv/lib/python3.14/site-packages/sqlalchemy/orm/context.py:306: in orm_execute_statement
    result = conn.execute(
.venv/lib/python3.14/site-packages/sqlalchemy/engine/base.py:1419: in execute
    return meth(
.venv/lib/python3.14/site-packages/sqlalchemy/sql/elements.py:527: in _execute_on_connection
    return connection._execute_clauseelement(
.venv/lib/python3.14/site-packages/sqlalchemy/engine/base.py:1641: in _execute_clauseelement
    ret = self._execute_context(
.venv/lib/python3.14/site-packages/sqlalchemy/engine/base.py:1846: in _execute_context
    return self._exec_single_context(
.venv/lib/python3.14/site-packages/sqlalchemy/engine/base.py:1986: in _exec_single_context
    self._handle_dbapi_exception(
.venv/lib/python3.14/site-packages/sqlalchemy/engine/base.py:2363: in _handle_dbapi_exception
    raise sqlalchemy_exception.with_traceback(exc_info[2]) from e
.venv/lib/python3.14/site-packages/sqlalchemy/engine/base.py:1967: in _exec_single_context
    self.dialect.do_execute(
.venv/lib/python3.14/site-packages/sqlalchemy/engine/default.py:952: in do_execute
    cursor.execute(statement, parameters)
_ _ _ _ _ _ _ _ _ _ _ _ _ _ _ _ _ _ _ _ _ _ _ _ _ _ _ _ _ _ _ _ _ _ _ _ _ _ _ _ 

self = <psycopg.Cursor [closed] [IDLE] (host=localhost user=postgres database=terminal) at 0x111e9e390>
query = 'DELETE FROM symbol', params = {}

    def execute(
        self,
        query: Query,
        params: Params | None = None,
        *,
        prepare: bool | None = None,
        binary: bool | None = None,
    ) -> Self:
        """
        Execute a query or command to the database.
        """
        try:
            with self._conn.lock:
                self._conn.wait(
                    self._execute_gen(query, params, prepare=prepare, binary=binary)
                )
        except e._NO_TRACEBACK as ex:
>           raise ex.with_traceback(None)
E           sqlalchemy.exc.ProgrammingError: (psycopg.errors.UndefinedTable) relation "symbol" does not exist
E           LINE 1: DELETE FROM symbol
E                               ^
E           [SQL: DELETE FROM symbol]
E           (Background on this error at: https://sqlalche.me/e/20/f405)

.venv/lib/python3.14/site-packages/psycopg/cursor.py:117: ProgrammingError
------------------------------ Captured log call -------------------------------
INFO     terminal.database.logging:logging.py:25 Database session created
INFO     sqlalchemy.engine.Engine:base.py:2710 BEGIN (implicit)
INFO     sqlalchemy.engine.Engine:base.py:1846 DELETE FROM symbol
INFO     sqlalchemy.engine.Engine:base.py:1846 [generated in 0.00006s] {}
INFO     terminal.database.logging:logging.py:41 Database session closed
INFO     sqlalchemy.engine.Engine:base.py:2713 ROLLBACK
=========================== short test summary info ============================
FAILED tests/api/test_symbols.py::test_get_symbols_api - sqlalchemy.exc.Progr...
FAILED tests/api/test_symbols.py::test_get_symbols_metadata_api - sqlalchemy....
FAILED tests/api/test_symbols.py::test_sync_symbols_api - sqlalchemy.exc.Prog...
============================== 3 failed in 2.75s ===============================
